AutoDock Vina v1.2.5
#################################################################
# If you used AutoDock Vina in your work, please cite:          #
#                                                               #
# J. Eberhardt, D. Santos-Martins, A. F. Tillack, and S. Forli  #
# AutoDock Vina 1.2.0: New Docking Methods, Expanded Force      #
# Field, and Python Bindings, J. Chem. Inf. Model. (2021)       #
# DOI 10.1021/acs.jcim.1c00203                                  #
#                                                               #
# O. Trott, A. J. Olson,                                        #
# AutoDock Vina: improving the speed and accuracy of docking    #
# with a new scoring function, efficient optimization and       #
# multithreading, J. Comp. Chem. (2010)                         #
# DOI 10.1002/jcc.21334                                         #
#                                                               #
# Please see https://github.com/ccsb-scripps/AutoDock-Vina for  #
# more information.                                             #
#################################################################

Scoring function : vina
Rigid receptor: C:\Users\user\workspace\PFOA_NAFLD_project\07_docking\receptors\2AZ5.pdbqt
Ligand: C:/Users/user/workspace/PFOA_NAFLD_project
Grid center: X -19.4 Y 74.7 Z 33.8
Grid size  : X 25 Y 25 Z 25
Grid space : 0.375
Exhaustiveness: 32
CPU: 8
Verbosity: 1

Computing Vina grid ... done.
Performing docking (random seed: 42) ... 
0%   10   20   30   40   50   60   70   80   90   100%
|----|----|----|----|----|----|----|----|----|----|
***************************************************

mode |   affinity | dist from best mode
     | (kcal/mol) | rmsd l.b.| rmsd u.b.
-----+------------+----------+----------
   1       -7.261          0          0
   2       -7.252      1.333      2.437
   3       -7.164      2.796      4.045
   4       -7.152       3.02       4.93
   5       -7.145      1.162      2.552
   6       -7.073      3.117      4.865
   7       -7.067       2.86      4.497
   8       -7.044      3.398      4.887
   9       -7.036      3.704      5.961
  10       -7.025      2.665      6.191

